
*** Running vivado
    with args -log generic8RegisterFile.vds -m64 -product Vivado -mode batch -messageDb vivado.pb -notrace -source generic8RegisterFile.tcl


INFO: [Common 17-3922] A valid Vivado Design Suite BASIC license has been detected. Your current license is active and will expire on 04-sep-2027.
#-----------------------------------------------------------
# Vivado v2026.1 (64-bit)
# SW Build 6511674 on Tue Jun 16 11:02:23 MDT 2026
# IP Build 6504888 on Tue Jun 09 09:05:25 MDT 2026
# SharedData Build 6501428 on Mon Jun 08 17:34:18 MDT 2026
# Start of session at: Mon Sep  7 23:19:35 2026
# Process ID         : 7012
# Current directory  : C:/Users/maitr/Documents/EENG484/lab01/lab01.runs/synth_1
# Command line       : vivado.exe -log generic8RegisterFile.vds -product Vivado -mode batch -messageDb vivado.pb -notrace -source generic8RegisterFile.tcl
# Log file           : C:/Users/maitr/Documents/EENG484/lab01/lab01.runs/synth_1/generic8RegisterFile.vds
# Journal file       : C:/Users/maitr/Documents/EENG484/lab01/lab01.runs/synth_1\vivado.jou
# Running On         : R-Zenbook
# Platform           : Windows 11
# Operating System   : 26200
# Processor Detail   : Intel(R) Core(TM) Ultra 9 285H
# CPU Frequency      : 3686 MHz
# CPU Physical cores : 16
# CPU Logical cores  : 16
# Host memory        : 33685 MB
# Swap memory        : 3892 MB
# Total Virtual      : 37577 MB
# Available Virtual  : 19700 MB
#-----------------------------------------------------------

****** Vivado v2026.1 (64-bit)
  **** SW Build 6511674 on Tue Jun 16 11:02:23 MDT 2026
  **** IP Build 6504888 on Tue Jun 09 09:05:25 MDT 2026
  **** SharedData Build 6501428 on Mon Jun 08 17:34:18 MDT 2026
  **** Start of session at: Mon Sep  7 23:19:35 2026
    ** Copyright 1986-2022 Xilinx, Inc. All Rights Reserved.
    ** Copyright 2022-2026 Advanced Micro Devices, Inc. All Rights Reserved.

source generic8RegisterFile.tcl -notrace
create_project: Time (s): cpu = 00:00:08 ; elapsed = 00:00:06 . Memory (MB): peak = 610.453 ; gain = 269.172
Command: synth_design -top generic8RegisterFile -part xc7z010clg400-1
Starting synth_design
Attempting to get a license for feature 'Vivado_Synthesis' and/or device 'xc7z010'
INFO: [Common 17-349] Got license for feature 'Vivado_Synthesis' and/or device 'xc7z010'
INFO: [Synth 8-7079] Multithreading enabled for synth_design using a maximum of 2 processes.
INFO: [Synth 8-7078] Launching helper process for spawning children vivado processes
INFO: [Synth 8-7075] Helper process launched with PID 15640
---------------------------------------------------------------------------------
Starting Synthesize : Time (s): cpu = 00:00:06 ; elapsed = 00:00:06 . Memory (MB): peak = 1189.230 ; gain = 571.758
---------------------------------------------------------------------------------
INFO: [Synth 8-638] synthesizing module 'generic8RegisterFile' [C:/Users/maitr/Downloads/basicBuildingBlocksVhdl/basicBuildingBlocksVhdl/regFile8x16.vhd:23]
INFO: [Synth 8-3491] module 'decode3x8' declared at 'C:/Users/maitr/Downloads/basicBuildingBlocksVhdl/basicBuildingBlocksVhdl/decoder3x8.vhd:9' bound to instance 'writeSelect' of component 'decode3x8' [C:/Users/maitr/Downloads/basicBuildingBlocksVhdl/basicBuildingBlocksVhdl/regFile8x16.vhd:30]
INFO: [Synth 8-638] synthesizing module 'decode3x8' [C:/Users/maitr/Downloads/basicBuildingBlocksVhdl/basicBuildingBlocksVhdl/decoder3x8.vhd:15]
INFO: [Synth 8-256] done synthesizing module 'decode3x8' (0#1) [C:/Users/maitr/Downloads/basicBuildingBlocksVhdl/basicBuildingBlocksVhdl/decoder3x8.vhd:15]
	Parameter N bound to: 16 - type: integer 
INFO: [Synth 8-3491] module 'genericRegister' declared at 'C:/Users/maitr/Downloads/basicBuildingBlocksVhdl/basicBuildingBlocksVhdl/genericRegister.vhd:11' bound to instance 'r0' of component 'genericRegister' [C:/Users/maitr/Downloads/basicBuildingBlocksVhdl/basicBuildingBlocksVhdl/regFile8x16.vhd:32]
INFO: [Synth 8-638] synthesizing module 'genericRegister' [C:/Users/maitr/Downloads/basicBuildingBlocksVhdl/basicBuildingBlocksVhdl/genericRegister.vhd:18]
	Parameter N bound to: 16 - type: integer 
INFO: [Synth 8-256] done synthesizing module 'genericRegister' (0#1) [C:/Users/maitr/Downloads/basicBuildingBlocksVhdl/basicBuildingBlocksVhdl/genericRegister.vhd:18]
	Parameter N bound to: 16 - type: integer 
INFO: [Synth 8-3491] module 'genericRegister' declared at 'C:/Users/maitr/Downloads/basicBuildingBlocksVhdl/basicBuildingBlocksVhdl/genericRegister.vhd:11' bound to instance 'r1' of component 'genericRegister' [C:/Users/maitr/Downloads/basicBuildingBlocksVhdl/basicBuildingBlocksVhdl/regFile8x16.vhd:35]
	Parameter N bound to: 16 - type: integer 
INFO: [Synth 8-3491] module 'genericRegister' declared at 'C:/Users/maitr/Downloads/basicBuildingBlocksVhdl/basicBuildingBlocksVhdl/genericRegister.vhd:11' bound to instance 'r2' of component 'genericRegister' [C:/Users/maitr/Downloads/basicBuildingBlocksVhdl/basicBuildingBlocksVhdl/regFile8x16.vhd:38]
	Parameter N bound to: 16 - type: integer 
INFO: [Synth 8-3491] module 'genericRegister' declared at 'C:/Users/maitr/Downloads/basicBuildingBlocksVhdl/basicBuildingBlocksVhdl/genericRegister.vhd:11' bound to instance 'r3' of component 'genericRegister' [C:/Users/maitr/Downloads/basicBuildingBlocksVhdl/basicBuildingBlocksVhdl/regFile8x16.vhd:41]
	Parameter N bound to: 16 - type: integer 
INFO: [Synth 8-3491] module 'genericRegister' declared at 'C:/Users/maitr/Downloads/basicBuildingBlocksVhdl/basicBuildingBlocksVhdl/genericRegister.vhd:11' bound to instance 'r4' of component 'genericRegister' [C:/Users/maitr/Downloads/basicBuildingBlocksVhdl/basicBuildingBlocksVhdl/regFile8x16.vhd:44]
	Parameter N bound to: 16 - type: integer 
INFO: [Synth 8-3491] module 'genericRegister' declared at 'C:/Users/maitr/Downloads/basicBuildingBlocksVhdl/basicBuildingBlocksVhdl/genericRegister.vhd:11' bound to instance 'r5' of component 'genericRegister' [C:/Users/maitr/Downloads/basicBuildingBlocksVhdl/basicBuildingBlocksVhdl/regFile8x16.vhd:47]
	Parameter N bound to: 16 - type: integer 
INFO: [Synth 8-3491] module 'genericRegister' declared at 'C:/Users/maitr/Downloads/basicBuildingBlocksVhdl/basicBuildingBlocksVhdl/genericRegister.vhd:11' bound to instance 'r6' of component 'genericRegister' [C:/Users/maitr/Downloads/basicBuildingBlocksVhdl/basicBuildingBlocksVhdl/regFile8x16.vhd:50]
	Parameter N bound to: 16 - type: integer 
INFO: [Synth 8-3491] module 'genericRegister' declared at 'C:/Users/maitr/Downloads/basicBuildingBlocksVhdl/basicBuildingBlocksVhdl/genericRegister.vhd:11' bound to instance 'r7' of component 'genericRegister' [C:/Users/maitr/Downloads/basicBuildingBlocksVhdl/basicBuildingBlocksVhdl/regFile8x16.vhd:53]
	Parameter N bound to: 16 - type: integer 
INFO: [Synth 8-3491] module 'genericMux8x1' declared at 'C:/Users/maitr/Downloads/basicBuildingBlocksVhdl/basicBuildingBlocksVhdl/genericMux8x1.vhd:9' bound to instance 'outMux' of component 'genericMux8x1' [C:/Users/maitr/Downloads/basicBuildingBlocksVhdl/basicBuildingBlocksVhdl/regFile8x16.vhd:57]
INFO: [Synth 8-638] synthesizing module 'genericMux8x1' [C:/Users/maitr/Downloads/basicBuildingBlocksVhdl/basicBuildingBlocksVhdl/genericMux8x1.vhd:16]
	Parameter N bound to: 16 - type: integer 
INFO: [Synth 8-256] done synthesizing module 'genericMux8x1' (0#1) [C:/Users/maitr/Downloads/basicBuildingBlocksVhdl/basicBuildingBlocksVhdl/genericMux8x1.vhd:16]
INFO: [Synth 8-256] done synthesizing module 'generic8RegisterFile' (0#1) [C:/Users/maitr/Downloads/basicBuildingBlocksVhdl/basicBuildingBlocksVhdl/regFile8x16.vhd:23]
---------------------------------------------------------------------------------
Finished Synthesize : Time (s): cpu = 00:00:07 ; elapsed = 00:00:08 . Memory (MB): peak = 1309.309 ; gain = 691.836
---------------------------------------------------------------------------------
---------------------------------------------------------------------------------
Finished Constraint Validation : Time (s): cpu = 00:00:08 ; elapsed = 00:00:08 . Memory (MB): peak = 1309.309 ; gain = 691.836
---------------------------------------------------------------------------------
---------------------------------------------------------------------------------
Start Loading Part and Timing Information
---------------------------------------------------------------------------------
Loading part: xc7z010clg400-1
---------------------------------------------------------------------------------
INFO: [Device 21-403] Loading part xc7z010clg400-1
Finished Loading Part and Timing Information : Time (s): cpu = 00:00:08 ; elapsed = 00:00:08 . Memory (MB): peak = 1309.309 ; gain = 691.836
---------------------------------------------------------------------------------
---------------------------------------------------------------------------------
Finished RTL Optimization Phase 2 : Time (s): cpu = 00:00:08 ; elapsed = 00:00:08 . Memory (MB): peak = 1309.309 ; gain = 691.836
---------------------------------------------------------------------------------
No constraint files found.
---------------------------------------------------------------------------------
Start RTL Component Statistics 
---------------------------------------------------------------------------------
Detailed RTL Component Info : 
+---Registers : 
	               16 Bit    Registers := 8     
+---Muxes : 
	   2 Input    8 Bit        Muxes := 1     
	   8 Input    8 Bit        Muxes := 1     
---------------------------------------------------------------------------------
Finished RTL Component Statistics 
---------------------------------------------------------------------------------
---------------------------------------------------------------------------------
Start Part Resource Summary
---------------------------------------------------------------------------------
Part Resources:
DSPs: 80 (col length:40)
BRAMs: 120 (col length: RAMB18 40 RAMB36 20)
---------------------------------------------------------------------------------
Finished Part Resource Summary
---------------------------------------------------------------------------------
No constraint files found.
---------------------------------------------------------------------------------
Start Cross Boundary and Area Optimization
---------------------------------------------------------------------------------
---------------------------------------------------------------------------------
Finished Cross Boundary and Area Optimization : Time (s): cpu = 00:00:11 ; elapsed = 00:00:12 . Memory (MB): peak = 1534.785 ; gain = 917.312
---------------------------------------------------------------------------------
No constraint files found.
---------------------------------------------------------------------------------
Start Timing Optimization
---------------------------------------------------------------------------------
---------------------------------------------------------------------------------
Finished Timing Optimization : Time (s): cpu = 00:00:11 ; elapsed = 00:00:12 . Memory (MB): peak = 1540.574 ; gain = 923.102
---------------------------------------------------------------------------------
---------------------------------------------------------------------------------
Start Technology Mapping
---------------------------------------------------------------------------------
---------------------------------------------------------------------------------
Finished Technology Mapping : Time (s): cpu = 00:00:11 ; elapsed = 00:00:12 . Memory (MB): peak = 1540.574 ; gain = 923.102
---------------------------------------------------------------------------------
---------------------------------------------------------------------------------
Start IO Insertion
---------------------------------------------------------------------------------
---------------------------------------------------------------------------------
Start Flattening Before IO Insertion
---------------------------------------------------------------------------------
---------------------------------------------------------------------------------
Finished Flattening Before IO Insertion
---------------------------------------------------------------------------------
---------------------------------------------------------------------------------
Start Final Netlist Cleanup
---------------------------------------------------------------------------------
---------------------------------------------------------------------------------
Finished Final Netlist Cleanup
---------------------------------------------------------------------------------
---------------------------------------------------------------------------------
Finished IO Insertion : Time (s): cpu = 00:00:15 ; elapsed = 00:00:16 . Memory (MB): peak = 1800.168 ; gain = 1182.695
---------------------------------------------------------------------------------
---------------------------------------------------------------------------------
Start Renaming Generated Instances
---------------------------------------------------------------------------------
---------------------------------------------------------------------------------
Finished Renaming Generated Instances : Time (s): cpu = 00:00:15 ; elapsed = 00:00:16 . Memory (MB): peak = 1800.168 ; gain = 1182.695
---------------------------------------------------------------------------------
---------------------------------------------------------------------------------
Start Rebuilding User Hierarchy
---------------------------------------------------------------------------------
---------------------------------------------------------------------------------
Finished Rebuilding User Hierarchy : Time (s): cpu = 00:00:15 ; elapsed = 00:00:16 . Memory (MB): peak = 1800.168 ; gain = 1182.695
---------------------------------------------------------------------------------
---------------------------------------------------------------------------------
Start Renaming Generated Ports
---------------------------------------------------------------------------------
---------------------------------------------------------------------------------
Finished Renaming Generated Ports : Time (s): cpu = 00:00:15 ; elapsed = 00:00:16 . Memory (MB): peak = 1800.168 ; gain = 1182.695
---------------------------------------------------------------------------------
---------------------------------------------------------------------------------
Start Handling Custom Attributes
---------------------------------------------------------------------------------
---------------------------------------------------------------------------------
Finished Handling Custom Attributes : Time (s): cpu = 00:00:15 ; elapsed = 00:00:16 . Memory (MB): peak = 1800.168 ; gain = 1182.695
---------------------------------------------------------------------------------
---------------------------------------------------------------------------------
Start Renaming Generated Nets
---------------------------------------------------------------------------------
---------------------------------------------------------------------------------
Finished Renaming Generated Nets : Time (s): cpu = 00:00:15 ; elapsed = 00:00:16 . Memory (MB): peak = 1800.168 ; gain = 1182.695
---------------------------------------------------------------------------------
---------------------------------------------------------------------------------
Start Writing Synthesis Report
---------------------------------------------------------------------------------

Report BlackBoxes: 
+-+--------------+----------+
| |BlackBox name |Instances |
+-+--------------+----------+
+-+--------------+----------+

Report Cell Usage: 
+------+------+------+
|      |Cell  |Count |
+------+------+------+
|1     |BUFG  |     1|
|2     |LUT1  |     1|
|3     |LUT4  |     8|
|4     |LUT6  |    32|
|5     |MUXF7 |    16|
|6     |FDRE  |   128|
|7     |IBUF  |    25|
|8     |OBUF  |    16|
+------+------+------+

Report Instance Areas: 
+------+---------+------------------+------+
|      |Instance |Module            |Cells |
+------+---------+------------------+------+
|1     |top      |                  |   227|
|2     |  r0     |genericRegister   |    17|
|3     |  r1     |genericRegister_0 |    17|
|4     |  r2     |genericRegister_1 |    17|
|5     |  r3     |genericRegister_2 |    49|
|6     |  r4     |genericRegister_3 |    17|
|7     |  r5     |genericRegister_4 |    17|
|8     |  r6     |genericRegister_5 |    17|
|9     |  r7     |genericRegister_6 |    34|
+------+---------+------------------+------+
---------------------------------------------------------------------------------
Finished Writing Synthesis Report : Time (s): cpu = 00:00:15 ; elapsed = 00:00:16 . Memory (MB): peak = 1800.168 ; gain = 1182.695
---------------------------------------------------------------------------------
Synthesis finished with 0 errors, 0 critical warnings and 0 warnings.
Synthesis Optimization Runtime : Time (s): cpu = 00:00:15 ; elapsed = 00:00:16 . Memory (MB): peak = 1800.168 ; gain = 1182.695
Synthesis Optimization Complete : Time (s): cpu = 00:00:15 ; elapsed = 00:00:16 . Memory (MB): peak = 1801.121 ; gain = 1182.695
INFO: [Project 1-571] Translating synthesized netlist
Netlist sorting complete. Time (s): cpu = 00:00:00 ; elapsed = 00:00:00.001 . Memory (MB): peak = 1815.152 ; gain = 0.000
INFO: [Netlist 29-17] Analyzing 16 Unisim elements for replacement
INFO: [Netlist 29-28] Unisim Transformation completed in 0 CPU seconds
INFO: [Project 1-570] Preparing netlist for logic optimization
INFO: [Opt 31-138] Pushed 0 inverter(s) to 0 load pin(s).
Netlist sorting complete. Time (s): cpu = 00:00:00 ; elapsed = 00:00:00 . Memory (MB): peak = 1930.602 ; gain = 0.000
INFO: [Project 1-111] Unisim Transformation Summary:
No Unisim elements were transformed.

Synth Design complete | Checksum: a57b9675
INFO: [Common 17-83] Releasing license: Vivado_Synthesis
30 Infos, 0 Warnings, 0 Critical Warnings and 0 Errors encountered.
synth_design completed successfully
synth_design: Time (s): cpu = 00:00:17 ; elapsed = 00:00:20 . Memory (MB): peak = 1931.660 ; gain = 1321.207
Write ShapeDB Complete: Time (s): cpu = 00:00:00 ; elapsed = 00:00:00.002 . Memory (MB): peak = 1931.660 ; gain = 0.000
INFO: [Common 17-1381] The checkpoint 'C:/Users/maitr/Documents/EENG484/lab01/lab01.runs/synth_1/generic8RegisterFile.dcp' has been generated.
INFO: [Vivado 12-24828] Executing command : report_utilization -file generic8RegisterFile_utilization_synth.rpt -pb generic8RegisterFile_utilization_synth.pb
INFO: [Common 17-206] Exiting Vivado at Mon Sep  7 23:20:03 2026...
